Collecting pending experiment commands...
Found 35 pending runs across stages: P1_DELTA P4_RB
Running 2 at a time.  Master log: /Users/user/Desktop/Research_Projects/DDCL unleashed/Stochastic Quantisation via Dithering for Communication-Efficient Multi-Agent Reinforcement Learning/on-policy/scripts/pillar_experiments_20260512_133902.log
==========================================================
[1/35] launch  p1_global_delta  seed=0
[2/35] launch  p1_global_delta  seed=1
[2/35] done    p1_global_delta  seed=1  exit=0
[3/35] launch  p1_global_delta  seed=2
[1/35] done    p1_global_delta  seed=0  exit=0
[4/35] launch  p1_global_delta  seed=3
[3/35] done    p1_global_delta  seed=2  exit=0
[5/35] launch  p1_global_delta  seed=4
[4/35] done    p1_global_delta  seed=3  exit=0
[6/35] launch  p1_perchannel_delta  seed=0
[5/35] done    p1_global_delta  seed=4  exit=0
[7/35] launch  p1_perchannel_delta  seed=1
[6/35] done    p1_perchannel_delta  seed=0  exit=0
[8/35] launch  p1_perchannel_delta  seed=2
[7/35] done    p1_perchannel_delta  seed=1  exit=0
[9/35] launch  p1_perchannel_delta  seed=3
[8/35] done    p1_perchannel_delta  seed=2  exit=0
[10/35] launch  p1_perchannel_delta  seed=4
[9/35] done    p1_perchannel_delta  seed=3  exit=0
[11/35] launch  p1_perchannel_p2_5e-3  seed=0
[10/35] done    p1_perchannel_delta  seed=4  exit=0
[12/35] launch  p1_perchannel_p2_5e-3  seed=1
[12/35] done    p1_perchannel_p2_5e-3  seed=1  exit=0
[13/35] launch  p1_perchannel_p2_5e-3  seed=2
[11/35] done    p1_perchannel_p2_5e-3  seed=0  exit=0
[14/35] launch  p1_perchannel_p2_5e-3  seed=3
[14/35] done    p1_perchannel_p2_5e-3  seed=3  exit=0
[15/35] launch  p1_perchannel_p2_5e-3  seed=4
[13/35] done    p1_perchannel_p2_5e-3  seed=2  exit=0
[16/35] launch  p1_heuristic_delta  seed=0
[15/35] done    p1_perchannel_p2_5e-3  seed=4  exit=0
[17/35] launch  p1_heuristic_delta  seed=1
[16/35] done    p1_heuristic_delta  seed=0  exit=0
[18/35] launch  p1_heuristic_delta  seed=2
[17/35] done    p1_heuristic_delta  seed=1  exit=0
[19/35] launch  p1_heuristic_delta  seed=3
[18/35] done    p1_heuristic_delta  seed=2  exit=0
[20/35] launch  p1_heuristic_delta  seed=4
[19/35] done    p1_heuristic_delta  seed=3  exit=0
[21/35] launch  p4_ste_baseline  seed=0
